{ "name": "Keisuke", "age": 21, "car": "RX7", "brothers": ["Ryosuke"] }
