Name;Status
Cylinder 1;"Isosurface not found for iteration > 0, but previous results could be taken"
Cylinder 2;OK
0,0; 0,1